// Jest Snapshot v1, https://goo.gl/fbAQLP

exports[`<Text /> renders the Text component correctly 1`] = `
<h1
  className="Text-sc-niwa38-0 cTPvbh"
>
  Text
</h1>
`;
